// Jest Snapshot v1, https://goo.gl/fbAQLP

exports[`monster snapshot 1`] = `
Array [
  <div
    className="gridMonster"
    id={345}
  >
    <a
      className="link"
      href="/Monster/Axel"
      onClick={[Function]}
    >
      <p
        className="monstername"
      >
        Axel
      </p>
      <p>
        MONSTER ID:
         
        345
      </p>
    </a>
  </div>,
  ",",
]
`;
