// Jest Snapshot v1, https://goo.gl/fbAQLP

exports[`selected snapshot 1`] = `
<div>
  <button
    className="returnBtn"
    type="button"
  >
    <a
      aria-current="page"
      className="active"
      href="/"
      onClick={[Function]}
    >
      RETURN TO MAIN PAGE
    </a>
  </button>
</div>
`;
